// Jest Snapshot v1, https://goo.gl/fbAQLP

exports[`Header should render the component with no props 1`] = `
<div>
  <Link
    to="/"
  >
    Home
  </Link>
  <Link
    to="/about"
  >
    About
  </Link>
</div>
`;
